// Jest Snapshot v1, https://goo.gl/fbAQLP

exports[`value correctly 1`] = `
<div
  className="container is-fluid"
>
  <span />
  <span
    className="icon has-text-info"
  >
    <i
      aria-hidden="true"
      className="fas fa-info-circle"
    />
  </span>
  <span />
  <span
    className="icon has-text-success"
  >
    <i
      aria-hidden="true"
      className="fas fa-check-square"
    />
  </span>
  <span />
  <span
    className="icon has-text-warning"
  >
    <i
      aria-hidden="true"
      className="fas fa-exclamation-triangle"
    />
  </span>
  <span />
  <span
    className="icon has-text-danger"
  >
    <i
      aria-hidden="true"
      className="fas fa-ban"
    />
  </span>
  <span />
  <span
    className="icon has-text-warning is-small"
  >
    <i
      aria-hidden="true"
      className="fas fa-home"
    />
  </span>
  <span />
  <span
    className="icon has-text-warning is-medium"
  >
    <i
      aria-hidden="true"
      className="fas fa-home"
    />
  </span>
  <span />
  <span
    className="icon has-text-warning is-large"
  >
    <i
      aria-hidden="true"
      className="fas fa-home"
    />
  </span>
</div>
`;
