// Jest Snapshot v1, https://goo.gl/fbAQLP

exports[`value correctly 1`] = `
<div
  className="container is-fluid"
>
  <table
    className="table is-fullwidth is-bordered"
  >
    <thead>
      <tr>
        <th>
          nome
        </th>
        <th>
          email
        </th>
        <th>
          telefone
        </th>
      </tr>
    </thead>
    <tbody>
      <tr>
        <td>
          Jackson
        </td>
        <td>
          jackson@arb.com.br
        </td>
        <td>
          123456
        </td>
      </tr>
      <tr>
        <td>
          Marty
        </td>
        <td>
          marty@arb.com.br
        </td>
        <td>
          123456
        </td>
      </tr>
      <tr>
        <td>
          Walter
        </td>
        <td>
          walter@arb.com.br
        </td>
        <td>
          123456
        </td>
      </tr>
      <tr>
        <td>
          Antony
        </td>
        <td>
          antony@arb.com.br
        </td>
        <td>
          123456
        </td>
      </tr>
    </tbody>
  </table>
  <table
    className="table is-fullwidth is-striped"
  >
    <thead>
      <tr>
        <th>
          nome
        </th>
        <th>
          email
        </th>
        <th>
          telefone
        </th>
      </tr>
    </thead>
    <tbody>
      <tr>
        <td>
          Jackson
        </td>
        <td>
          jackson@arb.com.br
        </td>
        <td>
          123456
        </td>
      </tr>
      <tr>
        <td>
          Marty
        </td>
        <td>
          marty@arb.com.br
        </td>
        <td>
          123456
        </td>
      </tr>
      <tr>
        <td>
          Walter
        </td>
        <td>
          walter@arb.com.br
        </td>
        <td>
          123456
        </td>
      </tr>
      <tr>
        <td>
          Antony
        </td>
        <td>
          antony@arb.com.br
        </td>
        <td>
          123456
        </td>
      </tr>
    </tbody>
  </table>
  <table
    className="table is-fullwidth is-narrow"
  >
    <thead>
      <tr>
        <th>
          nome
        </th>
        <th>
          email
        </th>
        <th>
          telefone
        </th>
      </tr>
    </thead>
    <tbody>
      <tr>
        <td>
          Jackson
        </td>
        <td>
          jackson@arb.com.br
        </td>
        <td>
          123456
        </td>
      </tr>
      <tr>
        <td>
          Marty
        </td>
        <td>
          marty@arb.com.br
        </td>
        <td>
          123456
        </td>
      </tr>
      <tr>
        <td>
          Walter
        </td>
        <td>
          walter@arb.com.br
        </td>
        <td>
          123456
        </td>
      </tr>
      <tr>
        <td>
          Antony
        </td>
        <td>
          antony@arb.com.br
        </td>
        <td>
          123456
        </td>
      </tr>
    </tbody>
  </table>
  <table
    className="table is-fullwidth is-hoverable"
  >
    <thead>
      <tr>
        <th>
          nome
        </th>
        <th>
          email
        </th>
        <th>
          telefone
        </th>
      </tr>
    </thead>
    <tbody>
      <tr>
        <td>
          Jackson
        </td>
        <td>
          jackson@arb.com.br
        </td>
        <td>
          123456
        </td>
      </tr>
      <tr>
        <td>
          Marty
        </td>
        <td>
          marty@arb.com.br
        </td>
        <td>
          123456
        </td>
      </tr>
      <tr>
        <td>
          Walter
        </td>
        <td>
          walter@arb.com.br
        </td>
        <td>
          123456
        </td>
      </tr>
      <tr>
        <td>
          Antony
        </td>
        <td>
          antony@arb.com.br
        </td>
        <td>
          123456
        </td>
      </tr>
    </tbody>
  </table>
  <table
    className="table is-fullwidth"
  >
    <thead>
      <tr>
        <th>
          nome
        </th>
        <th>
          email
        </th>
        <th>
          telefone
        </th>
      </tr>
    </thead>
    <tbody>
      <tr>
        <td>
          Jackson
        </td>
        <td>
          jackson@arb.com.br
        </td>
        <td>
          123456
        </td>
      </tr>
      <tr>
        <td>
          Marty
        </td>
        <td>
          marty@arb.com.br
        </td>
        <td>
          123456
        </td>
      </tr>
      <tr>
        <td>
          Walter
        </td>
        <td>
          walter@arb.com.br
        </td>
        <td>
          123456
        </td>
      </tr>
      <tr>
        <td>
          Antony
        </td>
        <td>
          antony@arb.com.br
        </td>
        <td>
          123456
        </td>
      </tr>
    </tbody>
    <tfoot>
      <tr>
        <th>
          nome
        </th>
        <th>
          email
        </th>
        <th>
          telefone
        </th>
      </tr>
    </tfoot>
  </table>
  <table
    className="table is-fullwidth"
  >
    <tbody>
      <tr>
        <td>
          Jackson
        </td>
        <td>
          jackson@arb.com.br
        </td>
        <td>
          123456
        </td>
      </tr>
      <tr>
        <td>
          Marty
        </td>
        <td>
          marty@arb.com.br
        </td>
        <td>
          123456
        </td>
      </tr>
      <tr>
        <td>
          Walter
        </td>
        <td>
          walter@arb.com.br
        </td>
        <td>
          123456
        </td>
      </tr>
      <tr>
        <td>
          Antony
        </td>
        <td>
          antony@arb.com.br
        </td>
        <td>
          123456
        </td>
      </tr>
    </tbody>
    <tfoot>
      <tr>
        <th>
          nome
        </th>
        <th>
          email
        </th>
        <th>
          telefone
        </th>
      </tr>
    </tfoot>
  </table>
  <table
    className="table is-bordered is-striped is-narrow is-hoverable is-fullwidth"
  >
    <tbody>
      <tr>
        <td>
          Jackson
        </td>
        <td>
          jackson@arb.com.br
        </td>
        <td>
          123456
        </td>
      </tr>
      <tr>
        <td>
          Marty
        </td>
        <td>
          marty@arb.com.br
        </td>
        <td>
          123456
        </td>
      </tr>
      <tr>
        <td>
          Walter
        </td>
        <td>
          walter@arb.com.br
        </td>
        <td>
          123456
        </td>
      </tr>
      <tr>
        <td>
          Antony
        </td>
        <td>
          antony@arb.com.br
        </td>
        <td>
          123456
        </td>
      </tr>
    </tbody>
  </table>
  <br />
</div>
`;
