// Jest Snapshot v1, https://goo.gl/fbAQLP

exports[`value correctly 1`] = `
<div
  className="columns"
>
  <div
    className="column"
  >
    <div
      className="container is-fluid"
    >
      <div
        className="tabs"
      >
        <ul>
          <li
            className="active"
          >
            <a>
              Pictures
            </a>
          </li>
          <li>
            <a>
              Musica
            </a>
          </li>
          <li>
            <a>
              Videos
            </a>
          </li>
          <li>
            <a>
              Documents
            </a>
          </li>
        </ul>
      </div>
      <div
        className="tabs is-centered"
      >
        <ul>
          <li
            className="active"
          >
            <a>
              Pictures
            </a>
          </li>
          <li>
            <a>
              Musica
            </a>
          </li>
          <li>
            <a>
              Videos
            </a>
          </li>
          <li>
            <a>
              Documents
            </a>
          </li>
        </ul>
      </div>
      <div
        className="tabs is-right"
      >
        <ul>
          <li
            className="active"
          >
            <a>
              Pictures
            </a>
          </li>
          <li>
            <a>
              Musica
            </a>
          </li>
          <li>
            <a>
              Videos
            </a>
          </li>
          <li>
            <a>
              Documents
            </a>
          </li>
        </ul>
      </div>
      <div
        className="tabs"
      >
        <ul>
          <li
            className="is-active"
          >
            <a>
              <span
                className="icon"
              >
                <i
                  className="fas fa-image"
                />
              </span>
              <span />
              Pictures
            </a>
          </li>
          <li>
            <a>
              <span
                className="icon"
              >
                <i
                  className="fas fa-music"
                />
              </span>
              <span />
              Musica
            </a>
          </li>
          <li>
            <a>
              <span
                className="icon has-text-success"
              >
                <i
                  className="fas fa-film"
                />
              </span>
              <span />
              Videos
            </a>
          </li>
          <li>
            <a>
              <span
                className="icon"
              >
                <i
                  className="far fa-file-alt"
                />
              </span>
              <span />
              Documents
            </a>
          </li>
        </ul>
      </div>
      <div
        className="tabs is-small"
      >
        <ul>
          <li
            className="active"
          >
            <a>
              Pictures
            </a>
          </li>
          <li>
            <a>
              Musica
            </a>
          </li>
          <li>
            <a>
              Videos
            </a>
          </li>
          <li>
            <a>
              Documents
            </a>
          </li>
        </ul>
      </div>
      <div
        className="tabs is-medium"
      >
        <ul>
          <li
            className="active"
          >
            <a>
              Pictures
            </a>
          </li>
          <li>
            <a>
              Musica
            </a>
          </li>
          <li>
            <a>
              Videos
            </a>
          </li>
          <li>
            <a>
              Documents
            </a>
          </li>
        </ul>
      </div>
      <div
        className="tabs is-large"
      >
        <ul>
          <li
            className="active"
          >
            <a>
              Pictures
            </a>
          </li>
          <li>
            <a>
              Musica
            </a>
          </li>
          <li>
            <a>
              Videos
            </a>
          </li>
          <li>
            <a>
              Documents
            </a>
          </li>
        </ul>
      </div>
      <div
        className="tabs is-boxed"
      >
        <ul>
          <li
            className="is-active"
          >
            <a>
              <span
                className="icon"
              >
                <i
                  className="fas fa-image"
                />
              </span>
              <span />
              Pictures
            </a>
          </li>
          <li>
            <a>
              <span
                className="icon"
              >
                <i
                  className="fas fa-music"
                />
              </span>
              <span />
              Musica
            </a>
          </li>
          <li>
            <a>
              <span
                className="icon has-text-success"
              >
                <i
                  className="fas fa-film"
                />
              </span>
              <span />
              Videos
            </a>
          </li>
          <li>
            <a>
              <span
                className="icon"
              >
                <i
                  className="far fa-file-alt"
                />
              </span>
              <span />
              Documents
            </a>
          </li>
        </ul>
      </div>
      <div
        className="tabs is-toggle"
      >
        <ul>
          <li
            className="is-active"
          >
            <a>
              <span
                className="icon"
              >
                <i
                  className="fas fa-image"
                />
              </span>
              <span />
              Pictures
            </a>
          </li>
          <li>
            <a>
              <span
                className="icon"
              >
                <i
                  className="fas fa-music"
                />
              </span>
              <span />
              Musica
            </a>
          </li>
          <li>
            <a>
              <span
                className="icon has-text-success"
              >
                <i
                  className="fas fa-film"
                />
              </span>
              <span />
              Videos
            </a>
          </li>
          <li>
            <a>
              <span
                className="icon"
              >
                <i
                  className="far fa-file-alt"
                />
              </span>
              <span />
              Documents
            </a>
          </li>
        </ul>
      </div>
      <div
        className="tabs is-toggle is-toggle-rounded"
      >
        <ul>
          <li
            className="is-active"
          >
            <a>
              <span
                className="icon"
              >
                <i
                  className="fas fa-image"
                />
              </span>
              <span />
              Pictures
            </a>
          </li>
          <li>
            <a>
              <span
                className="icon"
              >
                <i
                  className="fas fa-music"
                />
              </span>
              <span />
              Musica
            </a>
          </li>
          <li>
            <a>
              <span
                className="icon has-text-success"
              >
                <i
                  className="fas fa-film"
                />
              </span>
              <span />
              Videos
            </a>
          </li>
          <li>
            <a>
              <span
                className="icon"
              >
                <i
                  className="far fa-file-alt"
                />
              </span>
              <span />
              Documents
            </a>
          </li>
        </ul>
      </div>
      <div
        className="tabs is-fullwidth"
      >
        <ul>
          <li>
            <a>
              <span
                className="icon"
              >
                <i
                  className="fas fa-angle-left"
                />
              </span>
              <span />
              Left
            </a>
          </li>
          <li>
            <a>
              <span
                className="icon"
              >
                <i
                  className="fas fa-angle-up"
                />
              </span>
              <span />
              Up
            </a>
          </li>
          <li>
            <a>
              <span
                className="icon"
              >
                <i
                  className="fas fa-angle-right"
                />
              </span>
              <span />
              Right
            </a>
          </li>
        </ul>
      </div>
      <div
        className="tabs is-centered is-boxed"
      >
        <ul>
          <li
            className="is-active"
          >
            <a>
              <span
                className="icon"
              >
                <i
                  className="fas fa-image"
                />
              </span>
              <span />
              Pictures
            </a>
          </li>
          <li>
            <a>
              <span
                className="icon"
              >
                <i
                  className="fas fa-music"
                />
              </span>
              <span />
              Musica
            </a>
          </li>
          <li>
            <a>
              <span
                className="icon has-text-success"
              >
                <i
                  className="fas fa-film"
                />
              </span>
              <span />
              Videos
            </a>
          </li>
          <li>
            <a>
              <span
                className="icon"
              >
                <i
                  className="far fa-file-alt"
                />
              </span>
              <span />
              Documents
            </a>
          </li>
        </ul>
      </div>
      <div
        className="tabs is-toggle is-fullwidth"
      >
        <ul>
          <li
            className="is-active"
          >
            <a>
              <span
                className="icon"
              >
                <i
                  className="fas fa-image"
                />
              </span>
              <span />
              Pictures
            </a>
          </li>
          <li>
            <a>
              <span
                className="icon"
              >
                <i
                  className="fas fa-music"
                />
              </span>
              <span />
              Musica
            </a>
          </li>
          <li>
            <a>
              <span
                className="icon has-text-success"
              >
                <i
                  className="fas fa-film"
                />
              </span>
              <span />
              Videos
            </a>
          </li>
          <li>
            <a>
              <span
                className="icon"
              >
                <i
                  className="far fa-file-alt"
                />
              </span>
              <span />
              Documents
            </a>
          </li>
        </ul>
      </div>
      <div
        className="tabs is-centered is-boxed is-medium"
      >
        <ul>
          <li
            className="is-active"
          >
            <a>
              <span
                className="icon"
              >
                <i
                  className="fas fa-image"
                />
              </span>
              <span />
              Pictures
            </a>
          </li>
          <li>
            <a>
              <span
                className="icon"
              >
                <i
                  className="fas fa-music"
                />
              </span>
              <span />
              Musica
            </a>
          </li>
          <li>
            <a>
              <span
                className="icon has-text-success"
              >
                <i
                  className="fas fa-film"
                />
              </span>
              <span />
              Videos
            </a>
          </li>
          <li>
            <a>
              <span
                className="icon"
              >
                <i
                  className="far fa-file-alt"
                />
              </span>
              <span />
              Documents
            </a>
          </li>
        </ul>
      </div>
      <div
        className="tabs is-toggle is-fullwidth is-large"
      >
        <ul>
          <li
            className="is-active"
          >
            <a>
              <span
                className="icon"
              >
                <i
                  className="fas fa-image"
                />
              </span>
              <span />
              Pictures
            </a>
          </li>
          <li>
            <a>
              <span
                className="icon"
              >
                <i
                  className="fas fa-music"
                />
              </span>
              <span />
              Musica
            </a>
          </li>
          <li>
            <a>
              <span
                className="icon has-text-success"
              >
                <i
                  className="fas fa-film"
                />
              </span>
              <span />
              Videos
            </a>
          </li>
          <li>
            <a>
              <span
                className="icon"
              >
                <i
                  className="far fa-file-alt"
                />
              </span>
              <span />
              Documents
            </a>
          </li>
        </ul>
      </div>
    </div>
  </div>
</div>
`;
