// Jest Snapshot v1, https://goo.gl/fbAQLP

exports[`test files 1`] = `
<div
  className="container is-fluid"
>
  <div
    className="file"
  >
    <label
      className="file-label"
    >
      <input
        className="file-input"
        type="file"
      />
      <span
        className="file-cta"
      >
        <span
          className="icon"
        >
          <i
            className="fas fa-upload"
          />
        </span>
        <span />
        <span
          className="file-label"
        >
          Choose a File
        </span>
      </span>
    </label>
  </div>
  <br />
  <div
    className="file has-name"
  >
    <label
      className="file-label"
    >
      <input
        className="file-input"
        type="file"
      />
      <span
        className="file-cta"
      >
        <span
          className="icon"
        >
          <i
            className="fas fa-upload"
          />
        </span>
        <span />
        <span
          className="file-label"
        >
          Choose File
        </span>
      </span>
      <span
        className="file-name"
      >
        Screenshot 2020/01/01
      </span>
    </label>
  </div>
  <br />
  <div
    className="file has-name is-right"
  >
    <label
      className="file-label"
    >
      <input
        className="file-input"
        type="file"
      />
      <span
        className="file-cta"
      >
        <span
          className="icon"
        >
          <i
            className="fas fa-upload"
          />
        </span>
        <span />
        <span
          className="file-label"
        >
          Choose File
        </span>
      </span>
      <span
        className="file-name"
      >
        Screenshot 2020/01/01
      </span>
    </label>
  </div>
  <br />
  <div
    className="file has-name is-fullwidth"
  >
    <label
      className="file-label"
    >
      <input
        className="file-input"
        type="file"
      />
      <span
        className="file-cta"
      >
        <span
          className="icon"
        >
          <i
            className="fas fa-upload"
          />
        </span>
        <span />
        <span
          className="file-label"
        >
          Choose File
        </span>
      </span>
      <span
        className="file-name"
      >
        Screenshot 2020/01/01
      </span>
    </label>
  </div>
  <br />
  <div
    className="file is-boxed"
  >
    <label
      className="file-label"
    >
      <input
        className="file-input"
        type="file"
      />
      <span
        className="file-cta"
      >
        <span
          className="icon"
        >
          <i
            className="fas fa-upload"
          />
        </span>
        <span />
        <span
          className="file-label"
        >
          Choose a File
        </span>
      </span>
    </label>
  </div>
  <br />
  <div
    className="file is-boxed has-name"
  >
    <label
      className="file-label"
    >
      <input
        className="file-input"
        type="file"
      />
      <span
        className="file-cta"
      >
        <span
          className="icon"
        >
          <i
            className="fas fa-upload"
          />
        </span>
        <span />
        <span
          className="file-label"
        >
          Choose a File
        </span>
      </span>
      <span
        className="file-name"
      >
        Screenshot 2020/01/01
      </span>
    </label>
  </div>
  <br />
  <div
    className="file is-primary"
  >
    <label
      className="file-label"
    >
      <input
        className="file-input"
        type="file"
      />
      <span
        className="file-cta"
      >
        <span
          className="icon"
        >
          <i
            className="fas fa-upload"
          />
        </span>
        <span />
        <span
          className="file-label"
        >
          Primary File
        </span>
      </span>
    </label>
  </div>
  <br />
  <div
    className="file is-info has-name"
  >
    <label
      className="file-label"
    >
      <input
        className="file-input"
        type="file"
      />
      <span
        className="file-cta"
      >
        <span
          className="icon"
        >
          <i
            className="fas fa-upload"
          />
        </span>
        <span />
        <span
          className="file-label"
        >
          Info File
        </span>
      </span>
      <span
        className="file-name"
      >
        Screenshot 2020/01/01
      </span>
    </label>
  </div>
  <br />
  <div
    className="file is-warning is-boxed"
  >
    <label
      className="file-label"
    >
      <input
        className="file-input"
        type="file"
      />
      <span
        className="file-cta"
      >
        <span
          className="icon"
        >
          <i
            className="fas fa-upload"
          />
        </span>
        <span />
        <span
          className="file-label"
        >
          Choose a File
        </span>
      </span>
    </label>
  </div>
  <br />
  <div
    className="file is-danger has-name is-medium is-boxed"
  >
    <label
      className="file-label"
    >
      <input
        className="file-input"
        type="file"
      />
      <span
        className="file-cta"
      >
        <span
          className="icon"
        >
          <i
            className="fas fa-upload"
          />
        </span>
        <span />
        <span
          className="file-label"
        >
          Choose a File
        </span>
      </span>
      <span
        className="file-name"
      >
        Screenshot 2020/01/01
      </span>
    </label>
  </div>
  <br />
  <div
    className="file is-small"
  >
    <label
      className="file-label"
    >
      <input
        className="file-input"
        type="file"
      />
      <span
        className="file-cta"
      >
        <span
          className="icon"
        >
          <i
            className="fas fa-upload"
          />
        </span>
        <span />
        <span
          className="file-label"
        >
          Smalll File
        </span>
      </span>
    </label>
  </div>
  <br />
  <div
    className="file"
  >
    <label
      className="file-label"
    >
      <input
        className="file-input"
        type="file"
      />
      <span
        className="file-cta"
      >
        <span
          className="icon"
        >
          <i
            className="fas fa-upload"
          />
        </span>
        <span />
        <span
          className="file-label"
        >
          Normal File
        </span>
      </span>
    </label>
  </div>
  <br />
  <div
    className="file is-medium"
  >
    <label
      className="file-label"
    >
      <input
        className="file-input"
        type="file"
      />
      <span
        className="file-cta"
      >
        <span
          className="icon"
        >
          <i
            className="fas fa-upload"
          />
        </span>
        <span />
        <span
          className="file-label"
        >
          Medium File
        </span>
      </span>
    </label>
  </div>
  <br />
  <div
    className="file is-large"
  >
    <label
      className="file-label"
    >
      <input
        className="file-input"
        type="file"
      />
      <span
        className="file-cta"
      >
        <span
          className="icon"
        >
          <i
            className="fas fa-upload"
          />
        </span>
        <span />
        <span
          className="file-label"
        >
          Large File
        </span>
      </span>
    </label>
  </div>
  <br />
  <div
    className="file is-small  has-name"
  >
    <label
      className="file-label"
    >
      <input
        className="file-input"
        type="file"
      />
      <span
        className="file-cta"
      >
        <span
          className="icon"
        >
          <i
            className="fas fa-upload"
          />
        </span>
        <span />
        <span
          className="file-label"
        >
          Smalll File
        </span>
      </span>
      <span
        className="file-name"
      >
        Screenshot 2020/01/01
      </span>
    </label>
  </div>
  <br />
  <div
    className="file has-name"
  >
    <label
      className="file-label"
    >
      <input
        className="file-input"
        type="file"
      />
      <span
        className="file-cta"
      >
        <span
          className="icon"
        >
          <i
            className="fas fa-upload"
          />
        </span>
        <span />
        <span
          className="file-label"
        >
          Normal File
        </span>
      </span>
      <span
        className="file-name"
      >
        Screenshot 2020/01/01
      </span>
    </label>
  </div>
  <br />
  <div
    className="file is-medium has-name"
  >
    <label
      className="file-label"
    >
      <input
        className="file-input"
        type="file"
      />
      <span
        className="file-cta"
      >
        <span
          className="icon"
        >
          <i
            className="fas fa-upload"
          />
        </span>
        <span />
        <span
          className="file-label"
        >
          Medium File
        </span>
      </span>
      <span
        className="file-name"
      >
        Screenshot 2020/01/01
      </span>
    </label>
  </div>
  <br />
  <div
    className="file is-large has-name"
  >
    <label
      className="file-label"
    >
      <input
        className="file-input"
        type="file"
      />
      <span
        className="file-cta"
      >
        <span
          className="icon"
        >
          <i
            className="fas fa-upload"
          />
        </span>
        <span />
        <span
          className="file-label"
        >
          Large File
        </span>
      </span>
      <span
        className="file-name"
      >
        Screenshot 2020/01/01
      </span>
    </label>
  </div>
  <br />
  <div
    className="file is-small  is-boxed"
  >
    <label
      className="file-label"
    >
      <input
        className="file-input"
        type="file"
      />
      <span
        className="file-cta"
      >
        <span
          className="icon"
        >
          <i
            className="fas fa-upload"
          />
        </span>
        <span />
        <span
          className="file-label"
        >
          Smalll File
        </span>
      </span>
    </label>
  </div>
  <br />
  <div
    className="file is-boxed"
  >
    <label
      className="file-label"
    >
      <input
        className="file-input"
        type="file"
      />
      <span
        className="file-cta"
      >
        <span
          className="icon"
        >
          <i
            className="fas fa-upload"
          />
        </span>
        <span />
        <span
          className="file-label"
        >
          Normal File
        </span>
      </span>
    </label>
  </div>
  <br />
  <div
    className="file is-medium is-boxed"
  >
    <label
      className="file-label"
    >
      <input
        className="file-input"
        type="file"
      />
      <span
        className="file-cta"
      >
        <span
          className="icon"
        >
          <i
            className="fas fa-upload"
          />
        </span>
        <span />
        <span
          className="file-label"
        >
          Medium File
        </span>
      </span>
    </label>
  </div>
  <br />
  <div
    className="file is-large is-boxed"
  >
    <label
      className="file-label"
    >
      <input
        className="file-input"
        type="file"
      />
      <span
        className="file-cta"
      >
        <span
          className="icon"
        >
          <i
            className="fas fa-upload"
          />
        </span>
        <span />
        <span
          className="file-label"
        >
          Large File
        </span>
      </span>
    </label>
  </div>
  <br />
  <div
    className="file is-small  has-name is-boxed"
  >
    <label
      className="file-label"
    >
      <input
        className="file-input"
        type="file"
      />
      <span
        className="file-cta"
      >
        <span
          className="icon"
        >
          <i
            className="fas fa-upload"
          />
        </span>
        <span />
        <span
          className="file-label"
        >
          Smalll File
        </span>
      </span>
      <span
        className="file-name"
      >
        Screenshot 2020/01/01
      </span>
    </label>
  </div>
  <br />
  <div
    className="file has-name is-boxed"
  >
    <label
      className="file-label"
    >
      <input
        className="file-input"
        type="file"
      />
      <span
        className="file-cta"
      >
        <span
          className="icon"
        >
          <i
            className="fas fa-upload"
          />
        </span>
        <span />
        <span
          className="file-label"
        >
          Normal File
        </span>
      </span>
      <span
        className="file-name"
      >
        Screenshot 2020/01/01
      </span>
    </label>
  </div>
  <br />
  <div
    className="file is-medium has-name is-boxed"
  >
    <label
      className="file-label"
    >
      <input
        className="file-input"
        type="file"
      />
      <span
        className="file-cta"
      >
        <span
          className="icon"
        >
          <i
            className="fas fa-upload"
          />
        </span>
        <span />
        <span
          className="file-label"
        >
          Medium File
        </span>
      </span>
      <span
        className="file-name"
      >
        Screenshot 2020/01/01
      </span>
    </label>
  </div>
  <br />
  <div
    className="file is-large has-name is-boxed"
  >
    <label
      className="file-label"
    >
      <input
        className="file-input"
        type="file"
      />
      <span
        className="file-cta"
      >
        <span
          className="icon"
        >
          <i
            className="fas fa-upload"
          />
        </span>
        <span />
        <span
          className="file-label"
        >
          Large File
        </span>
      </span>
      <span
        className="file-name"
      >
        Screenshot 2020/01/01
      </span>
    </label>
  </div>
  <br />
  <div
    className="file is-success has-name is-boxed is-centered"
  >
    <label
      className="file-label"
    >
      <input
        className="file-input"
        type="file"
      />
      <span
        className="file-cta"
      >
        <span
          className="icon"
        >
          <i
            className="fas fa-upload"
          />
        </span>
        <span />
        <span
          className="file-label"
        >
          Large File
        </span>
      </span>
      <span
        className="file-name"
      >
        Screenshot 2020/01/01
      </span>
    </label>
  </div>
  <div
    className="file is-info has-name is-right"
  >
    <label
      className="file-label"
    >
      <input
        className="file-input"
        type="file"
      />
      <span
        className="file-cta"
      >
        <span
          className="icon"
        >
          <i
            className="fas fa-upload"
          />
        </span>
        <span />
        <span
          className="file-label"
        >
          Large File
        </span>
      </span>
      <span
        className="file-name"
      >
        Screenshot 2020/01/01
      </span>
    </label>
  </div>
  <br />
</div>
`;
