// Jest Snapshot v1, https://goo.gl/fbAQLP

exports[`menu 1`] = `
<aside
  className="menu"
>
  <div>
    <p
      class="menu-label"
    >
      General
    </p>
    <ul
      className="menu-list"
    >
      <li>
        <a>
          General
        </a>
      </li>
      <li>
        <a>
          Dashboard
        </a>
      </li>
    </ul>
  </div>
  <div>
    <p
      class="menu-label"
    >
      Administration
    </p>
    <ul
      className="menu-list"
    >
      <li>
        <a>
          Team Settings
        </a>
      </li>
      <li>
        <a
          className="is-active"
        >
           
          Manage your team
        </a>
        <ul>
          <li>
            <a>
              Members
            </a>
          </li>
          <li>
            <a>
              Plugins
            </a>
          </li>
          <li>
            <a>
              Add a member
            </a>
          </li>
        </ul>
      </li>
      <li>
        <a>
          Invitations
        </a>
      </li>
      <li>
        <a>
          Cloud Storage Environment Settings
        </a>
      </li>
      <li>
        <a>
          Authentication
        </a>
      </li>
    </ul>
  </div>
  <div>
    <p
      class="menu-label"
    >
      Transactions
    </p>
    <ul
      className="menu-list"
    >
      <li>
        <a>
          Payments
        </a>
      </li>
      <li>
        <a>
          Transfer
        </a>
      </li>
      <li>
        <a>
          Balance
        </a>
      </li>
    </ul>
  </div>
</aside>
`;
