// Jest Snapshot v1, https://goo.gl/fbAQLP

exports[`value correctly 1`] = `
<div
  className="columns"
>
  <div
    className="column is-half"
  >
    <div
      className="container is-fluid"
    >
      <br />
      <nav
        className="pagination"
      >
        <a
          className="pagination-previous"
        >
          Previous
        </a>
        <a
          className="pagination-next"
        >
          Next
        </a>
        <ul
          class="pagination-list"
        >
          <li>
            <a
              className="pagination-link is-current"
              href="https://pt-br.reactjs.org/docs/hooks-overview.html"
              onClick={[Function]}
            >
              1
            </a>
          </li>
          <li>
            <a
              className="pagination-link"
              href="https://pt-br.reactjs.org/docs/hooks-effect.html"
            >
              2
            </a>
          </li>
          <li>
            <a
              className="pagination-link"
              href="https://pt-br.reactjs.org/docs/hooks-effect.html"
            >
              3
            </a>
          </li>
        </ul>
      </nav>
      <nav
        className="pagination"
      >
        <a
          className="pagination-previous"
          disabled={true}
        >
          Previous
        </a>
        <a
          className="pagination-next"
        >
          Next
        </a>
        <ul
          class="pagination-list"
        >
          <li>
            <a
              className="pagination-link is-current"
              href="https://pt-br.reactjs.org/docs/hooks-overview.html"
              onClick={[Function]}
            >
              1
            </a>
          </li>
          <li>
            <a
              className="pagination-link"
              href="https://pt-br.reactjs.org/docs/hooks-effect.html"
            >
              2
            </a>
          </li>
          <li>
            <a
              className="pagination-link"
              href="https://pt-br.reactjs.org/docs/hooks-effect.html"
            >
              3
            </a>
          </li>
        </ul>
      </nav>
      <nav
        className="pagination"
      >
        <a
          className="pagination-previous"
          disabled={true}
        >
          Previous
        </a>
        <a
          className="pagination-next"
          disabled={true}
        >
          Next
        </a>
        <ul
          class="pagination-list"
        >
          <li>
            <a
              className="pagination-link is-current"
              href="https://pt-br.reactjs.org/docs/hooks-overview.html"
              onClick={[Function]}
            >
              1
            </a>
          </li>
          <li>
            <a
              className="pagination-link"
              href="https://pt-br.reactjs.org/docs/hooks-effect.html"
            >
              2
            </a>
          </li>
          <li>
            <a
              className="pagination-link"
              href="https://pt-br.reactjs.org/docs/hooks-effect.html"
            >
              3
            </a>
          </li>
        </ul>
      </nav>
      <nav
        className="pagination is-center"
      >
        <a
          className="pagination-previous"
        >
          Previous
        </a>
        <a
          className="pagination-next"
        >
          Next
        </a>
        <ul
          class="pagination-list"
        >
          <li>
            <a
              className="pagination-link is-current"
              href="https://pt-br.reactjs.org/docs/hooks-overview.html"
              onClick={[Function]}
            >
              1
            </a>
          </li>
          <li>
            <a
              className="pagination-link"
              href="https://pt-br.reactjs.org/docs/hooks-effect.html"
            >
              2
            </a>
          </li>
          <li>
            <a
              className="pagination-link"
              href="https://pt-br.reactjs.org/docs/hooks-effect.html"
            >
              3
            </a>
          </li>
        </ul>
      </nav>
      <nav
        className="pagination is-right"
      >
        <a
          className="pagination-previous"
        >
          Previous
        </a>
        <a
          className="pagination-next"
        >
          Next
        </a>
        <ul
          class="pagination-list"
        >
          <li>
            <a
              className="pagination-link is-current"
              href="https://pt-br.reactjs.org/docs/hooks-overview.html"
              onClick={[Function]}
            >
              1
            </a>
          </li>
          <li>
            <a
              className="pagination-link"
              href="https://pt-br.reactjs.org/docs/hooks-effect.html"
            >
              2
            </a>
          </li>
          <li>
            <a
              className="pagination-link"
              href="https://pt-br.reactjs.org/docs/hooks-effect.html"
            >
              3
            </a>
          </li>
        </ul>
      </nav>
      <nav
        className="pagination is-right is-rounded"
      >
        <a
          className="pagination-previous"
        >
          Previous
        </a>
        <a
          className="pagination-next"
        >
          Next
        </a>
        <ul
          class="pagination-list"
        >
          <li>
            <a
              className="pagination-link is-current"
              href="https://pt-br.reactjs.org/docs/hooks-overview.html"
              onClick={[Function]}
            >
              1
            </a>
          </li>
          <li>
            <a
              className="pagination-link"
              href="https://pt-br.reactjs.org/docs/hooks-effect.html"
            >
              2
            </a>
          </li>
          <li>
            <a
              className="pagination-link"
              href="https://pt-br.reactjs.org/docs/hooks-effect.html"
            >
              3
            </a>
          </li>
        </ul>
      </nav>
      <nav
        className="pagination is-right is-small"
      >
        <a
          className="pagination-previous"
        >
          Previous
        </a>
        <a
          className="pagination-next"
        >
          Next
        </a>
        <ul
          class="pagination-list"
        >
          <li>
            <a
              className="pagination-link is-current"
              href="https://pt-br.reactjs.org/docs/hooks-overview.html"
              onClick={[Function]}
            >
              1
            </a>
          </li>
          <li>
            <a
              className="pagination-link"
              href="https://pt-br.reactjs.org/docs/hooks-effect.html"
            >
              2
            </a>
          </li>
          <li>
            <a
              className="pagination-link"
              href="https://pt-br.reactjs.org/docs/hooks-effect.html"
            >
              3
            </a>
          </li>
        </ul>
      </nav>
      <nav
        className="pagination is-right is-medium"
      >
        <a
          className="pagination-previous"
        >
          Previous
        </a>
        <a
          className="pagination-next"
        >
          Next
        </a>
        <ul
          class="pagination-list"
        >
          <li>
            <a
              className="pagination-link is-current"
              href="https://pt-br.reactjs.org/docs/hooks-overview.html"
              onClick={[Function]}
            >
              1
            </a>
          </li>
          <li>
            <a
              className="pagination-link"
              href="https://pt-br.reactjs.org/docs/hooks-effect.html"
            >
              2
            </a>
          </li>
          <li>
            <a
              className="pagination-link"
              href="https://pt-br.reactjs.org/docs/hooks-effect.html"
            >
              3
            </a>
          </li>
        </ul>
      </nav>
      <nav
        className="pagination is-right is-large"
      >
        <a
          className="pagination-previous"
        >
          Previous
        </a>
        <a
          className="pagination-next"
        >
          Next
        </a>
        <ul
          class="pagination-list"
        >
          <li>
            <a
              className="pagination-link is-current"
              href="https://pt-br.reactjs.org/docs/hooks-overview.html"
              onClick={[Function]}
            >
              1
            </a>
          </li>
          <li>
            <a
              className="pagination-link"
              href="https://pt-br.reactjs.org/docs/hooks-effect.html"
            >
              2
            </a>
          </li>
          <li>
            <a
              className="pagination-link"
              href="https://pt-br.reactjs.org/docs/hooks-effect.html"
            >
              3
            </a>
          </li>
        </ul>
      </nav>
    </div>
  </div>
</div>
`;
