// Jest Snapshot v1, https://goo.gl/fbAQLP

exports[`value correctly 1`] = `
Array [
  <div
    className="field"
  >
    <div
      className="select is-rounded"
    >
      <select
        className="select is-rounded"
        onChange={[Function]}
      >
         
        <option
          value="Select DropDown"
        >
          Select DropDown
        </option>
        <option
          value="With Options"
        >
          With Options
        </option>
      </select>
    </div>
  </div>,
  <div
    className="field"
  >
    <div
      className="select is-primary is-rounded"
    >
      <select
        className="select is-primary is-rounded"
      >
         
        <option
          value="Select DropDown"
        >
          Select DropDown
        </option>
        <option
          value="With Options"
        >
          With Options
        </option>
      </select>
    </div>
  </div>,
  <div
    className="field"
  >
    <div
      className="select is-info is-rounded"
    >
      <select
        className="select is-info is-rounded"
      >
         
        <option
          value="Select DropDown"
        >
          Select DropDown
        </option>
        <option
          value="With Options"
        >
          With Options
        </option>
      </select>
    </div>
  </div>,
  <div
    className="field"
  >
    <div
      className="select is-success is-rounded"
    >
      <select
        className="select is-success is-rounded"
      >
         
        <option
          value="Select DropDown"
        >
          Select DropDown
        </option>
        <option
          value="With Options"
        >
          With Options
        </option>
      </select>
    </div>
  </div>,
  <div
    className="field"
  >
    <div
      className="select is-warning is-rounded"
    >
      <select
        className="select is-warning is-rounded"
      >
         
        <option
          value="Select DropDown"
        >
          Select DropDown
        </option>
        <option
          value="With Options"
        >
          With Options
        </option>
      </select>
    </div>
  </div>,
  <div
    className="field"
  >
    <div
      className="select is-danger is-rounded"
    >
      <select
        className="select is-danger is-rounded"
      >
         
        <option
          value="Select DropDown"
        >
          Select DropDown
        </option>
        <option
          value="With Options"
        >
          With Options
        </option>
      </select>
    </div>
  </div>,
  <div
    className="field"
  >
    <div
      className="select is-small"
    >
      <select
        className="select is-small"
      >
         
        <option
          value="Select DropDown"
        >
          Select DropDown
        </option>
        <option
          value="With Options"
        >
          With Options
        </option>
      </select>
    </div>
  </div>,
  <div
    className="field"
  >
    <div
      className="select is-medium"
    >
      <select
        className="select is-medium"
      >
         
        <option
          value="Select DropDown"
        >
          Select DropDown
        </option>
        <option
          value="With Options"
        >
          With Options
        </option>
      </select>
    </div>
  </div>,
  <div
    className="field"
  >
    <div
      className="select is-large"
    >
      <select
        className="select is-large"
      >
         
        <option
          value="Select DropDown"
        >
          Select DropDown
        </option>
        <option
          value="With Options"
        >
          With Options
        </option>
      </select>
    </div>
  </div>,
  <div
    className="field"
  >
    <div
      className="select is-primary"
    >
      <select
        className="select is-primary"
      >
         
        <option
          value="Select DropDown"
        >
          Select DropDown
        </option>
        <option
          value="With Options"
        >
          With Options
        </option>
      </select>
    </div>
  </div>,
  <div
    className="field"
  >
    <div
      className="select is-primary is-hovered"
    >
      <select
        className="select is-primary is-hovered"
      >
         
        <option
          value="Select DropDown"
        >
          Select DropDown
        </option>
        <option
          value="With Options"
        >
          With Options
        </option>
      </select>
    </div>
  </div>,
  <div
    className="field"
  >
    <div
      className="select is-focused"
    >
      <select
        className="select is-focused"
      >
         
        <option
          value="Select DropDown"
        >
          Select DropDown
        </option>
        <option
          value="With Options"
        >
          With Options
        </option>
      </select>
    </div>
  </div>,
  <div
    className="field"
  >
    <div
      className="select is-loading"
    >
      <select
        className="select is-loading"
      >
         
        <option
          value="Select DropDown"
        >
          Select DropDown
        </option>
        <option
          value="With Options"
        >
          With Options
        </option>
      </select>
    </div>
  </div>,
  <div
    className="select is-multiple"
  >
    <select
      className="select is-multiple"
      multiple={true}
      size={8}
    >
       
      <option
        value="Select DropDown"
      >
        Select DropDown
      </option>
      <option
        value="With Options"
      >
        With Options
      </option>
    </select>
  </div>,
  <div
    className="control has-icons-left"
  >
    <div
      className="select is-small"
    >
      <select
        className="select is-small"
      >
         
        <option
          value="Select DropDown"
        >
          Select DropDown
        </option>
        <option
          value="With Options"
        >
          With Options
        </option>
      </select>
    </div>
    <span
      className="icon is-small is-left"
    >
      <i
        className="fas fa-globe"
      />
    </span>
    <span />
  </div>,
  <div
    className="control has-icons-left"
  >
    <div
      className="select is-medium"
    >
      <select
        className="select is-medium"
      >
         
        <option
          value="Select DropDown"
        >
          Select DropDown
        </option>
        <option
          value="With Options"
        >
          With Options
        </option>
      </select>
    </div>
    <span
      className="icon is-small is-left"
    >
      <i
        className="fas fa-globe"
      />
    </span>
    <span />
  </div>,
  <div
    className="control has-icons-left"
  >
    <div
      className="select is-large is-focused"
    >
      <select
        className="select is-large is-focused"
      >
         
        <option
          value="Select DropDown"
        >
          Select DropDown
        </option>
        <option
          value="With Options"
        >
          With Options
        </option>
      </select>
    </div>
    <span
      className="icon is-small is-left"
    >
      <i
        className="fas fa-globe"
      />
    </span>
    <span />
  </div>,
]
`;
